// Jest Snapshot v1, https://goo.gl/fbAQLP

exports[`<StringsPage /> Should render and match the snapshot 1`] = `
<div>
  <section
    class="CenteredSection-sc-1iimrbg-0 hHmbwO"
  >
    <h1
      class="H1-tncdg6-0 kWlXoI"
    >
      <span>
        Pretty sweet collection of strings right?
      </span>
    </h1>
  </section>
</div>
`;
