// Jest Snapshot v1, https://goo.gl/fbAQLP

exports[`<NavBar /> Should render and match the snapshot 1`] = `
<nav
  class="Wrapper-sc-1tltayn-0 hQGFyS"
>
  <div>
    <a
      class="StyledNavLink-p1y3ih-0 VejsO"
      href="/strings"
    >
      <span>
        Strings
      </span>
    </a>
  </div>
  <div>
    <a
      aria-current="page"
      class="StyledNavLink-p1y3ih-0 VejsO active"
      href="/"
      style="background-color: rgb(114, 9, 183);"
    >
      <span>
        Home
      </span>
    </a>
  </div>
  <div>
    <a
      class="StyledNavLink-p1y3ih-0 VejsO"
      href="/strings/add"
    >
      <span>
        Add String
      </span>
    </a>
  </div>
</nav>
`;
